// Jest Snapshot v1, https://goo.gl/fbAQLP

exports[`Indecision component debe de hacer match con el snapshot 1`] = `
<!--v-if-->
<div class="bg-dark"></div>
<div class="indecision-container"><input type="text" name="" id="" placeholder="Hazme una pregunta">
  <p>Recuerda termina con un signo de interrogaci√≥n (?)</p>
  <!--v-if-->
</div>
`;
